// Jest Snapshot v1, https://goo.gl/fbAQLP

exports[`TodoInputText handleChange 1`] = `
<TodoInputText
  onSave={[Function]}
>
  <input
    onChange={[Function]}
    onKeyDown={[Function]}
    type="text"
    value=""
  />
</TodoInputText>
`;
